// Jest Snapshot v1, https://goo.gl/fbAQLP

exports[`<AddCompanyForm /> should render the add company form correctly 1`] = `
<WithStyles(FormComponent)
  fields={
    Array [
      Object {
        "options": Object {
          "label": "Name",
          "name": "name",
          "type": "name",
        },
        "type": "input",
      },
      Object {
        "options": Object {
          "label": "Address",
          "name": "address",
          "type": "address",
        },
        "type": "input",
      },
      Object {
        "options": Object {
          "label": "Business",
          "name": "business",
          "type": "business",
        },
        "type": "input",
      },
      Object {
        "options": Object {
          "name": "submitButton",
          "text": "SUBMIT",
        },
        "type": "button",
      },
    ]
  }
  initialValues={
    Object {
      "address": "",
      "business": "",
      "name": "",
    }
  }
  validationSchema={
    ObjectSchema {
      "_blacklist": RefSet {
        "list": Set {},
        "refs": Map {},
      },
      "_conditions": Array [],
      "_defaultDefault": [Function],
      "_deps": Array [],
      "_excludedEdges": Array [],
      "_exclusive": Object {},
      "_mutate": undefined,
      "_nodes": Array [
        "business",
        "address",
        "name",
      ],
      "_options": Object {
        "abortEarly": true,
        "recursive": true,
      },
      "_type": "object",
      "_typeError": [Function],
      "_whitelist": RefSet {
        "list": Set {},
        "refs": Map {},
      },
      "fields": Object {
        "address": StringSchema {
          "_blacklist": RefSet {
            "list": Set {},
            "refs": Map {},
          },
          "_conditions": Array [],
          "_deps": Array [],
          "_exclusive": Object {
            "required": true,
          },
          "_mutate": undefined,
          "_options": Object {
            "abortEarly": true,
            "recursive": true,
          },
          "_type": "string",
          "_typeError": [Function],
          "_whitelist": RefSet {
            "list": Set {},
            "refs": Map {},
          },
          "tests": Array [
            [Function],
          ],
          "transforms": Array [
            [Function],
          ],
        },
        "business": StringSchema {
          "_blacklist": RefSet {
            "list": Set {},
            "refs": Map {},
          },
          "_conditions": Array [],
          "_deps": Array [],
          "_exclusive": Object {
            "required": true,
          },
          "_mutate": undefined,
          "_options": Object {
            "abortEarly": true,
            "recursive": true,
          },
          "_type": "string",
          "_typeError": [Function],
          "_whitelist": RefSet {
            "list": Set {},
            "refs": Map {},
          },
          "tests": Array [
            [Function],
          ],
          "transforms": Array [
            [Function],
          ],
        },
        "name": StringSchema {
          "_blacklist": RefSet {
            "list": Set {},
            "refs": Map {},
          },
          "_conditions": Array [],
          "_deps": Array [],
          "_exclusive": Object {
            "required": true,
          },
          "_mutate": undefined,
          "_options": Object {
            "abortEarly": true,
            "recursive": true,
          },
          "_type": "string",
          "_typeError": [Function],
          "_whitelist": RefSet {
            "list": Set {},
            "refs": Map {},
          },
          "tests": Array [
            [Function],
          ],
          "transforms": Array [
            [Function],
          ],
        },
      },
      "tests": Array [],
      "transforms": Array [
        [Function],
      ],
    }
  }
/>
`;
