// Jest Snapshot v1, https://goo.gl/fbAQLP

exports[`<ViewCompany /> should render nothing when company does not exist 1`] = `
<div
  class="makeStyles-root-1"
>
  <div>
    <div
      class="makeStyles-field-2"
    >
      Name
    </div>
    <div
      class="makeStyles-field-2"
    />
  </div>
  <div>
    <div
      class="makeStyles-field-2"
    >
      Address
    </div>
    <div
      class="makeStyles-field-2"
    />
  </div>
  <div>
    <div
      class="makeStyles-field-2"
    >
      Business
    </div>
    <div
      class="makeStyles-field-2"
    />
  </div>
  <div>
    <div
      class="makeStyles-field-2"
    >
      Rating
    </div>
    <div
      class="makeStyles-field-2"
    >
      <div
        class="Rating-root-1"
      >
        <button
          class="MuiButtonBase-root-12 MuiIconButton-root-6 Rating-iconButton-2"
          tabindex="0"
          type="button"
        >
          <span
            class="MuiIconButton-label-11"
          >
            <svg
              aria-hidden="true"
              class="MuiSvgIcon-root-15 Rating-icon-3"
              color="#e0e0e0"
              focusable="false"
              role="presentation"
              viewBox="0 0 24 24"
            >
              <path
                d="M22 9.24l-7.19-.62L12 2 9.19 8.63 2 9.24l5.46 4.73L5.82 21 12 17.27 18.18 21l-1.63-7.03L22 9.24zM12 15.4l-3.76 2.27 1-4.28-3.32-2.88 4.38-.38L12 6.1l1.71 4.04 4.38.38-3.32 2.88 1 4.28L12 15.4z"
              />
              <path
                d="M0 0h24v24H0z"
                fill="none"
              />
            </svg>
          </span>
        </button>
        <button
          class="MuiButtonBase-root-12 MuiIconButton-root-6 Rating-iconButton-2"
          tabindex="0"
          type="button"
        >
          <span
            class="MuiIconButton-label-11"
          >
            <svg
              aria-hidden="true"
              class="MuiSvgIcon-root-15 Rating-icon-3"
              color="#e0e0e0"
              focusable="false"
              role="presentation"
              viewBox="0 0 24 24"
            >
              <path
                d="M22 9.24l-7.19-.62L12 2 9.19 8.63 2 9.24l5.46 4.73L5.82 21 12 17.27 18.18 21l-1.63-7.03L22 9.24zM12 15.4l-3.76 2.27 1-4.28-3.32-2.88 4.38-.38L12 6.1l1.71 4.04 4.38.38-3.32 2.88 1 4.28L12 15.4z"
              />
              <path
                d="M0 0h24v24H0z"
                fill="none"
              />
            </svg>
          </span>
        </button>
        <button
          class="MuiButtonBase-root-12 MuiIconButton-root-6 Rating-iconButton-2"
          tabindex="0"
          type="button"
        >
          <span
            class="MuiIconButton-label-11"
          >
            <svg
              aria-hidden="true"
              class="MuiSvgIcon-root-15 Rating-icon-3"
              color="#e0e0e0"
              focusable="false"
              role="presentation"
              viewBox="0 0 24 24"
            >
              <path
                d="M22 9.24l-7.19-.62L12 2 9.19 8.63 2 9.24l5.46 4.73L5.82 21 12 17.27 18.18 21l-1.63-7.03L22 9.24zM12 15.4l-3.76 2.27 1-4.28-3.32-2.88 4.38-.38L12 6.1l1.71 4.04 4.38.38-3.32 2.88 1 4.28L12 15.4z"
              />
              <path
                d="M0 0h24v24H0z"
                fill="none"
              />
            </svg>
          </span>
        </button>
        <button
          class="MuiButtonBase-root-12 MuiIconButton-root-6 Rating-iconButton-2"
          tabindex="0"
          type="button"
        >
          <span
            class="MuiIconButton-label-11"
          >
            <svg
              aria-hidden="true"
              class="MuiSvgIcon-root-15 Rating-icon-3"
              color="#e0e0e0"
              focusable="false"
              role="presentation"
              viewBox="0 0 24 24"
            >
              <path
                d="M22 9.24l-7.19-.62L12 2 9.19 8.63 2 9.24l5.46 4.73L5.82 21 12 17.27 18.18 21l-1.63-7.03L22 9.24zM12 15.4l-3.76 2.27 1-4.28-3.32-2.88 4.38-.38L12 6.1l1.71 4.04 4.38.38-3.32 2.88 1 4.28L12 15.4z"
              />
              <path
                d="M0 0h24v24H0z"
                fill="none"
              />
            </svg>
          </span>
        </button>
        <button
          class="MuiButtonBase-root-12 MuiIconButton-root-6 Rating-iconButton-2"
          tabindex="0"
          type="button"
        >
          <span
            class="MuiIconButton-label-11"
          >
            <svg
              aria-hidden="true"
              class="MuiSvgIcon-root-15 Rating-icon-3"
              color="#e0e0e0"
              focusable="false"
              role="presentation"
              viewBox="0 0 24 24"
            >
              <path
                d="M22 9.24l-7.19-.62L12 2 9.19 8.63 2 9.24l5.46 4.73L5.82 21 12 17.27 18.18 21l-1.63-7.03L22 9.24zM12 15.4l-3.76 2.27 1-4.28-3.32-2.88 4.38-.38L12 6.1l1.71 4.04 4.38.38-3.32 2.88 1 4.28L12 15.4z"
              />
              <path
                d="M0 0h24v24H0z"
                fill="none"
              />
            </svg>
          </span>
        </button>
        <button
          class="MuiButtonBase-root-12 MuiIconButton-root-6 Rating-iconButton-2"
          tabindex="0"
          type="button"
        >
          <span
            class="MuiIconButton-label-11"
          >
            <svg
              aria-hidden="true"
              class="MuiSvgIcon-root-15 Rating-icon-3"
              color="#e0e0e0"
              focusable="false"
              role="presentation"
              viewBox="0 0 24 24"
            >
              <path
                d="M22 9.24l-7.19-.62L12 2 9.19 8.63 2 9.24l5.46 4.73L5.82 21 12 17.27 18.18 21l-1.63-7.03L22 9.24zM12 15.4l-3.76 2.27 1-4.28-3.32-2.88 4.38-.38L12 6.1l1.71 4.04 4.38.38-3.32 2.88 1 4.28L12 15.4z"
              />
              <path
                d="M0 0h24v24H0z"
                fill="none"
              />
            </svg>
          </span>
        </button>
        <button
          class="MuiButtonBase-root-12 MuiIconButton-root-6 Rating-iconButton-2"
          tabindex="0"
          type="button"
        >
          <span
            class="MuiIconButton-label-11"
          >
            <svg
              aria-hidden="true"
              class="MuiSvgIcon-root-15 Rating-icon-3"
              color="#e0e0e0"
              focusable="false"
              role="presentation"
              viewBox="0 0 24 24"
            >
              <path
                d="M22 9.24l-7.19-.62L12 2 9.19 8.63 2 9.24l5.46 4.73L5.82 21 12 17.27 18.18 21l-1.63-7.03L22 9.24zM12 15.4l-3.76 2.27 1-4.28-3.32-2.88 4.38-.38L12 6.1l1.71 4.04 4.38.38-3.32 2.88 1 4.28L12 15.4z"
              />
              <path
                d="M0 0h24v24H0z"
                fill="none"
              />
            </svg>
          </span>
        </button>
        <button
          class="MuiButtonBase-root-12 MuiIconButton-root-6 Rating-iconButton-2"
          tabindex="0"
          type="button"
        >
          <span
            class="MuiIconButton-label-11"
          >
            <svg
              aria-hidden="true"
              class="MuiSvgIcon-root-15 Rating-icon-3"
              color="#e0e0e0"
              focusable="false"
              role="presentation"
              viewBox="0 0 24 24"
            >
              <path
                d="M22 9.24l-7.19-.62L12 2 9.19 8.63 2 9.24l5.46 4.73L5.82 21 12 17.27 18.18 21l-1.63-7.03L22 9.24zM12 15.4l-3.76 2.27 1-4.28-3.32-2.88 4.38-.38L12 6.1l1.71 4.04 4.38.38-3.32 2.88 1 4.28L12 15.4z"
              />
              <path
                d="M0 0h24v24H0z"
                fill="none"
              />
            </svg>
          </span>
        </button>
        <button
          class="MuiButtonBase-root-12 MuiIconButton-root-6 Rating-iconButton-2"
          tabindex="0"
          type="button"
        >
          <span
            class="MuiIconButton-label-11"
          >
            <svg
              aria-hidden="true"
              class="MuiSvgIcon-root-15 Rating-icon-3"
              color="#e0e0e0"
              focusable="false"
              role="presentation"
              viewBox="0 0 24 24"
            >
              <path
                d="M22 9.24l-7.19-.62L12 2 9.19 8.63 2 9.24l5.46 4.73L5.82 21 12 17.27 18.18 21l-1.63-7.03L22 9.24zM12 15.4l-3.76 2.27 1-4.28-3.32-2.88 4.38-.38L12 6.1l1.71 4.04 4.38.38-3.32 2.88 1 4.28L12 15.4z"
              />
              <path
                d="M0 0h24v24H0z"
                fill="none"
              />
            </svg>
          </span>
        </button>
        <button
          class="MuiButtonBase-root-12 MuiIconButton-root-6 Rating-iconButton-2"
          tabindex="0"
          type="button"
        >
          <span
            class="MuiIconButton-label-11"
          >
            <svg
              aria-hidden="true"
              class="MuiSvgIcon-root-15 Rating-icon-3"
              color="#e0e0e0"
              focusable="false"
              role="presentation"
              viewBox="0 0 24 24"
            >
              <path
                d="M22 9.24l-7.19-.62L12 2 9.19 8.63 2 9.24l5.46 4.73L5.82 21 12 17.27 18.18 21l-1.63-7.03L22 9.24zM12 15.4l-3.76 2.27 1-4.28-3.32-2.88 4.38-.38L12 6.1l1.71 4.04 4.38.38-3.32 2.88 1 4.28L12 15.4z"
              />
              <path
                d="M0 0h24v24H0z"
                fill="none"
              />
            </svg>
          </span>
        </button>
      </div>
    </div>
  </div>
  <div>
    <div
      class="makeStyles-field-2"
    >
      Manager
    </div>
    <div
      class="makeStyles-field-2"
    />
  </div>
  <div>
    <div
      class="makeStyles-field-2"
    >
      Active
    </div>
    <div
      class="makeStyles-field-2"
    >
      True
    </div>
  </div>
</div>
`;

exports[`<ViewCompany /> should render the company item correctly 1`] = `
<div
  class="makeStyles-root-1"
>
  <div>
    <div
      class="makeStyles-field-2"
    >
      Name
    </div>
    <div
      class="makeStyles-field-2"
    >
      Name
    </div>
  </div>
  <div>
    <div
      class="makeStyles-field-2"
    >
      Address
    </div>
    <div
      class="makeStyles-field-2"
    >
      Address
    </div>
  </div>
  <div>
    <div
      class="makeStyles-field-2"
    >
      Business
    </div>
    <div
      class="makeStyles-field-2"
    >
      Business
    </div>
  </div>
  <div>
    <div
      class="makeStyles-field-2"
    >
      Rating
    </div>
    <div
      class="makeStyles-field-2"
    >
      <div
        class="Rating-root-1"
      >
        <button
          class="MuiButtonBase-root-12 MuiIconButton-root-6 Rating-iconButton-2"
          tabindex="0"
          type="button"
        >
          <span
            class="MuiIconButton-label-11"
          >
            <svg
              aria-hidden="true"
              class="MuiSvgIcon-root-15 Rating-icon-3"
              color="#e0e0e0"
              focusable="false"
              role="presentation"
              viewBox="0 0 24 24"
            >
              <path
                d="M22 9.24l-7.19-.62L12 2 9.19 8.63 2 9.24l5.46 4.73L5.82 21 12 17.27 18.18 21l-1.63-7.03L22 9.24zM12 15.4l-3.76 2.27 1-4.28-3.32-2.88 4.38-.38L12 6.1l1.71 4.04 4.38.38-3.32 2.88 1 4.28L12 15.4z"
              />
              <path
                d="M0 0h24v24H0z"
                fill="none"
              />
            </svg>
          </span>
        </button>
        <button
          class="MuiButtonBase-root-12 MuiIconButton-root-6 Rating-iconButton-2"
          tabindex="0"
          type="button"
        >
          <span
            class="MuiIconButton-label-11"
          >
            <svg
              aria-hidden="true"
              class="MuiSvgIcon-root-15 Rating-icon-3"
              color="#e0e0e0"
              focusable="false"
              role="presentation"
              viewBox="0 0 24 24"
            >
              <path
                d="M22 9.24l-7.19-.62L12 2 9.19 8.63 2 9.24l5.46 4.73L5.82 21 12 17.27 18.18 21l-1.63-7.03L22 9.24zM12 15.4l-3.76 2.27 1-4.28-3.32-2.88 4.38-.38L12 6.1l1.71 4.04 4.38.38-3.32 2.88 1 4.28L12 15.4z"
              />
              <path
                d="M0 0h24v24H0z"
                fill="none"
              />
            </svg>
          </span>
        </button>
        <button
          class="MuiButtonBase-root-12 MuiIconButton-root-6 Rating-iconButton-2"
          tabindex="0"
          type="button"
        >
          <span
            class="MuiIconButton-label-11"
          >
            <svg
              aria-hidden="true"
              class="MuiSvgIcon-root-15 Rating-icon-3"
              color="#e0e0e0"
              focusable="false"
              role="presentation"
              viewBox="0 0 24 24"
            >
              <path
                d="M22 9.24l-7.19-.62L12 2 9.19 8.63 2 9.24l5.46 4.73L5.82 21 12 17.27 18.18 21l-1.63-7.03L22 9.24zM12 15.4l-3.76 2.27 1-4.28-3.32-2.88 4.38-.38L12 6.1l1.71 4.04 4.38.38-3.32 2.88 1 4.28L12 15.4z"
              />
              <path
                d="M0 0h24v24H0z"
                fill="none"
              />
            </svg>
          </span>
        </button>
        <button
          class="MuiButtonBase-root-12 MuiIconButton-root-6 Rating-iconButton-2"
          tabindex="0"
          type="button"
        >
          <span
            class="MuiIconButton-label-11"
          >
            <svg
              aria-hidden="true"
              class="MuiSvgIcon-root-15 Rating-icon-3"
              color="#e0e0e0"
              focusable="false"
              role="presentation"
              viewBox="0 0 24 24"
            >
              <path
                d="M22 9.24l-7.19-.62L12 2 9.19 8.63 2 9.24l5.46 4.73L5.82 21 12 17.27 18.18 21l-1.63-7.03L22 9.24zM12 15.4l-3.76 2.27 1-4.28-3.32-2.88 4.38-.38L12 6.1l1.71 4.04 4.38.38-3.32 2.88 1 4.28L12 15.4z"
              />
              <path
                d="M0 0h24v24H0z"
                fill="none"
              />
            </svg>
          </span>
        </button>
        <button
          class="MuiButtonBase-root-12 MuiIconButton-root-6 Rating-iconButton-2"
          tabindex="0"
          type="button"
        >
          <span
            class="MuiIconButton-label-11"
          >
            <svg
              aria-hidden="true"
              class="MuiSvgIcon-root-15 Rating-icon-3"
              color="#e0e0e0"
              focusable="false"
              role="presentation"
              viewBox="0 0 24 24"
            >
              <path
                d="M22 9.24l-7.19-.62L12 2 9.19 8.63 2 9.24l5.46 4.73L5.82 21 12 17.27 18.18 21l-1.63-7.03L22 9.24zM12 15.4l-3.76 2.27 1-4.28-3.32-2.88 4.38-.38L12 6.1l1.71 4.04 4.38.38-3.32 2.88 1 4.28L12 15.4z"
              />
              <path
                d="M0 0h24v24H0z"
                fill="none"
              />
            </svg>
          </span>
        </button>
        <button
          class="MuiButtonBase-root-12 MuiIconButton-root-6 Rating-iconButton-2"
          tabindex="0"
          type="button"
        >
          <span
            class="MuiIconButton-label-11"
          >
            <svg
              aria-hidden="true"
              class="MuiSvgIcon-root-15 Rating-icon-3"
              color="#e0e0e0"
              focusable="false"
              role="presentation"
              viewBox="0 0 24 24"
            >
              <path
                d="M22 9.24l-7.19-.62L12 2 9.19 8.63 2 9.24l5.46 4.73L5.82 21 12 17.27 18.18 21l-1.63-7.03L22 9.24zM12 15.4l-3.76 2.27 1-4.28-3.32-2.88 4.38-.38L12 6.1l1.71 4.04 4.38.38-3.32 2.88 1 4.28L12 15.4z"
              />
              <path
                d="M0 0h24v24H0z"
                fill="none"
              />
            </svg>
          </span>
        </button>
        <button
          class="MuiButtonBase-root-12 MuiIconButton-root-6 Rating-iconButton-2"
          tabindex="0"
          type="button"
        >
          <span
            class="MuiIconButton-label-11"
          >
            <svg
              aria-hidden="true"
              class="MuiSvgIcon-root-15 Rating-icon-3"
              color="#e0e0e0"
              focusable="false"
              role="presentation"
              viewBox="0 0 24 24"
            >
              <path
                d="M22 9.24l-7.19-.62L12 2 9.19 8.63 2 9.24l5.46 4.73L5.82 21 12 17.27 18.18 21l-1.63-7.03L22 9.24zM12 15.4l-3.76 2.27 1-4.28-3.32-2.88 4.38-.38L12 6.1l1.71 4.04 4.38.38-3.32 2.88 1 4.28L12 15.4z"
              />
              <path
                d="M0 0h24v24H0z"
                fill="none"
              />
            </svg>
          </span>
        </button>
        <button
          class="MuiButtonBase-root-12 MuiIconButton-root-6 Rating-iconButton-2"
          tabindex="0"
          type="button"
        >
          <span
            class="MuiIconButton-label-11"
          >
            <svg
              aria-hidden="true"
              class="MuiSvgIcon-root-15 Rating-icon-3"
              color="#e0e0e0"
              focusable="false"
              role="presentation"
              viewBox="0 0 24 24"
            >
              <path
                d="M22 9.24l-7.19-.62L12 2 9.19 8.63 2 9.24l5.46 4.73L5.82 21 12 17.27 18.18 21l-1.63-7.03L22 9.24zM12 15.4l-3.76 2.27 1-4.28-3.32-2.88 4.38-.38L12 6.1l1.71 4.04 4.38.38-3.32 2.88 1 4.28L12 15.4z"
              />
              <path
                d="M0 0h24v24H0z"
                fill="none"
              />
            </svg>
          </span>
        </button>
        <button
          class="MuiButtonBase-root-12 MuiIconButton-root-6 Rating-iconButton-2"
          tabindex="0"
          type="button"
        >
          <span
            class="MuiIconButton-label-11"
          >
            <svg
              aria-hidden="true"
              class="MuiSvgIcon-root-15 Rating-icon-3"
              color="#e0e0e0"
              focusable="false"
              role="presentation"
              viewBox="0 0 24 24"
            >
              <path
                d="M22 9.24l-7.19-.62L12 2 9.19 8.63 2 9.24l5.46 4.73L5.82 21 12 17.27 18.18 21l-1.63-7.03L22 9.24zM12 15.4l-3.76 2.27 1-4.28-3.32-2.88 4.38-.38L12 6.1l1.71 4.04 4.38.38-3.32 2.88 1 4.28L12 15.4z"
              />
              <path
                d="M0 0h24v24H0z"
                fill="none"
              />
            </svg>
          </span>
        </button>
        <button
          class="MuiButtonBase-root-12 MuiIconButton-root-6 Rating-iconButton-2"
          tabindex="0"
          type="button"
        >
          <span
            class="MuiIconButton-label-11"
          >
            <svg
              aria-hidden="true"
              class="MuiSvgIcon-root-15 Rating-icon-3"
              color="#e0e0e0"
              focusable="false"
              role="presentation"
              viewBox="0 0 24 24"
            >
              <path
                d="M22 9.24l-7.19-.62L12 2 9.19 8.63 2 9.24l5.46 4.73L5.82 21 12 17.27 18.18 21l-1.63-7.03L22 9.24zM12 15.4l-3.76 2.27 1-4.28-3.32-2.88 4.38-.38L12 6.1l1.71 4.04 4.38.38-3.32 2.88 1 4.28L12 15.4z"
              />
              <path
                d="M0 0h24v24H0z"
                fill="none"
              />
            </svg>
          </span>
        </button>
      </div>
    </div>
  </div>
  <div>
    <div
      class="makeStyles-field-2"
    >
      Manager
    </div>
    <div
      class="makeStyles-field-2"
    />
  </div>
  <div>
    <div
      class="makeStyles-field-2"
    >
      Active
    </div>
    <div
      class="makeStyles-field-2"
    >
      True
    </div>
  </div>
</div>
`;
